// Jest Snapshot v1, https://goo.gl/fbAQLP

exports[`cli should match snapshot with interactions test results 1`] = `
Array [
  Array [
    "menu",
  ],
  Array [
    "Server",
  ],
  Array [
    "type,#1,min,max,mean,median",
  ],
  Array [
    "Render to string,2.9,2.9,2.9,2.9,2.9",
  ],
  Array [
    "Render to static markup (cannot be hydrated),2.2,2.2,2.2,2.2,2.2",
  ],
  Array [
    "String output size,1.9,1.9,1.9,1.9,1.9",
  ],
  Array [
    "String output size (gzip),0.15,0.15,0.15,0.15,0.15",
  ],
  Array [
    "Static markup output size,1.9,1.9,1.9,1.9,1.9",
  ],
  Array [
    "Static markup output size (gzip),0.15,0.15,0.15,0.15,0.15",
  ],
  Array [
    "Client",
  ],
  Array [
    "type,#1,min,max,mean,median",
  ],
  Array [
    "Initial render,2.8,2.8,2.8,2.8,2.8",
  ],
  Array [
    "Re render,0.3,0.3,0.3,0.3,0.3",
  ],
  Array [
    "Hydrate,1.8,1.8,1.8,1.8,1.8",
  ],
  Array [
    "Complete render (mount + layout + paint),4.8,4.8,4.8,4.8,4.8",
  ],
  Array [
    "DOM element count,40,40,40,40,40",
  ],
  Array [
    "DOM element count (no nested inline svg elements),40,40,40,40,40",
  ],
  Array [
    "React Fiber node count,181,181,181,181,181",
  ],
  Array [
    "Interactions",
  ],
  Array [
    "type,#1,min,max,mean,median",
  ],
  Array [
    "Click a menu item,0.7,0.7,0.7,0.7,0.7",
  ],
  Array [
    "Focus on a menu item,0,0,0,0,0",
  ],
  Array [
    "Select a menu item,0.7,0.7,0.7,0.7,0.7",
  ],
  Array [
    "Disable a menu item,0.5,0.5,0.5,0.5,0.5",
  ],
  Array [],
  Array [
    "Type,menu",
  ],
  Array [
    "Render to string,2.9",
  ],
  Array [
    "Render to static markup (cannot be hydrated),2.2",
  ],
  Array [
    "String output size,1.9",
  ],
  Array [
    "String output size (gzip),0.15",
  ],
  Array [
    "Static markup output size,1.9",
  ],
  Array [
    "Static markup output size (gzip),0.15",
  ],
  Array [
    "Initial render,2.8",
  ],
  Array [
    "Re render,0.3",
  ],
  Array [
    "Hydrate,1.8",
  ],
  Array [
    "Complete render (mount + layout + paint),4.8",
  ],
  Array [
    "DOM element count,40",
  ],
  Array [
    "DOM element count (no nested inline svg elements),40",
  ],
  Array [
    "React Fiber node count,181",
  ],
  Array [
    "Click a menu item,0.7",
  ],
  Array [
    "Focus on a menu item,0",
  ],
  Array [
    "Select a menu item,0.7",
  ],
  Array [
    "Disable a menu item,0.5",
  ],
]
`;

exports[`cli should match snapshot with interactions test results 2`] = `
Array [
  Array [
    "Type                                               | menu                ",
  ],
  Array [
    "----------------------------------------------------------------------",
  ],
  Array [
    "Render to string                                   | 2.9                 ",
  ],
  Array [
    "Render to static markup (cannot be hydrated)       | 2.2                 ",
  ],
  Array [
    "String output size                                 | 1.9                 ",
  ],
  Array [
    "String output size (gzip)                          | 0.15                ",
  ],
  Array [
    "Static markup output size                          | 1.9                 ",
  ],
  Array [
    "Static markup output size (gzip)                   | 0.15                ",
  ],
  Array [
    "Initial render                                     | 2.8                 ",
  ],
  Array [
    "Re render                                          | 0.3                 ",
  ],
  Array [
    "Hydrate                                            | 1.8                 ",
  ],
  Array [
    "Complete render (mount + layout + paint)           | 4.8                 ",
  ],
  Array [
    "DOM element count                                  | 40                  ",
  ],
  Array [
    "DOM element count (no nested inline svg elements)  | 40                  ",
  ],
  Array [
    "React Fiber node count                             | 181                 ",
  ],
  Array [
    "Click a menu item                                  | 0.7                 ",
  ],
  Array [
    "Focus on a menu item                               | 0                   ",
  ],
  Array [
    "Select a menu item                                 | 0.7                 ",
  ],
  Array [
    "Disable a menu item                                | 0.5                 ",
  ],
]
`;

exports[`cli should match snapshot without interactions test results 1`] = `
Array [
  Array [
    "icon",
  ],
  Array [
    "Server",
  ],
  Array [
    "type,#1,min,max,mean,median",
  ],
  Array [
    "Render to string,11.901000000761996,11.901000000761996,11.901000000761996,11.901000000761996,11.901000000761996",
  ],
  Array [
    "Render to static markup (cannot be hydrated),10.560999999870546,10.560999999870546,10.560999999870546,10.560999999870546,10.560999999870546",
  ],
  Array [
    "String output size,184.64,184.64,184.64,184.64,184.64",
  ],
  Array [
    "String output size (gzip),41.16,41.16,41.16,41.16,41.16",
  ],
  Array [
    "Static markup output size,184.64,184.64,184.64,184.64,184.64",
  ],
  Array [
    "Static markup output size (gzip),41.16,41.16,41.16,41.16,41.16",
  ],
  Array [
    "Client",
  ],
  Array [
    "type,#1,min,max,mean,median",
  ],
  Array [
    "Initial render,23.0890000000727,23.0890000000727,23.0890000000727,23.0890000000727,23.0890000000727",
  ],
  Array [
    "Re render,1.6849999996338738,1.6849999996338738,1.6849999996338738,1.6849999996338738,1.6849999996338738",
  ],
  Array [
    "Hydrate,8.303500000329223,8.303500000329223,8.303500000329223,8.303500000329223,8.303500000329223",
  ],
  Array [
    "Complete render (mount + layout + paint),55.235999999968044,55.235999999968044,55.235999999968044,55.235999999968044,55.235999999968044",
  ],
  Array [
    "DOM element count,1475,1475,1475,1475,1475",
  ],
  Array [
    "DOM element count (no nested inline svg elements),706,706,706,706,706",
  ],
  Array [
    "React Fiber node count,3886,3886,3886,3886,3886",
  ],
  Array [],
  Array [
    "Type,icon",
  ],
  Array [
    "Render to string,11.901000000761996",
  ],
  Array [
    "Render to static markup (cannot be hydrated),10.560999999870546",
  ],
  Array [
    "String output size,184.64",
  ],
  Array [
    "String output size (gzip),41.16",
  ],
  Array [
    "Static markup output size,184.64",
  ],
  Array [
    "Static markup output size (gzip),41.16",
  ],
  Array [
    "Initial render,23.0890000000727",
  ],
  Array [
    "Re render,1.6849999996338738",
  ],
  Array [
    "Hydrate,8.303500000329223",
  ],
  Array [
    "Complete render (mount + layout + paint),55.235999999968044",
  ],
  Array [
    "DOM element count,1475",
  ],
  Array [
    "DOM element count (no nested inline svg elements),706",
  ],
  Array [
    "React Fiber node count,3886",
  ],
]
`;

exports[`cli should match snapshot without interactions test results 2`] = `
Array [
  Array [
    "Type                                               | icon                ",
  ],
  Array [
    "----------------------------------------------------------------------",
  ],
  Array [
    "Render to string                                   | 11.901000000761996  ",
  ],
  Array [
    "Render to static markup (cannot be hydrated)       | 10.560999999870546  ",
  ],
  Array [
    "String output size                                 | 184.64              ",
  ],
  Array [
    "String output size (gzip)                          | 41.16               ",
  ],
  Array [
    "Static markup output size                          | 184.64              ",
  ],
  Array [
    "Static markup output size (gzip)                   | 41.16               ",
  ],
  Array [
    "Initial render                                     | 23.0890000000727    ",
  ],
  Array [
    "Re render                                          | 1.6849999996338738  ",
  ],
  Array [
    "Hydrate                                            | 8.303500000329223   ",
  ],
  Array [
    "Complete render (mount + layout + paint)           | 55.235999999968044  ",
  ],
  Array [
    "DOM element count                                  | 1475                ",
  ],
  Array [
    "DOM element count (no nested inline svg elements)  | 706                 ",
  ],
  Array [
    "React Fiber node count                             | 3886                ",
  ],
]
`;
